// Jest Snapshot v1, https://goo.gl/fbAQLP

exports[`<Login/> test form submits 1`] = `[Function]`;
